[2026-05-22 07:29:30] START task=T029zh_cross_service_meeting step2_module=create_query.step2_new only_index=all
[OK] step1 output saved: /ytech_m2v8_hdd/workspace/kling_mm/tangjiafu/claw-eval/create_query/output_20260522_152922/tasks/T029zh_cross_service_meeting/step1/output.json
[OK] wrote task directory: /ytech_m2v8_hdd/workspace/kling_mm/tangjiafu/claw-eval/create_query/output_20260522_152922/generated/T029zh_cross_service_meeting_plus_1
[OK] wrote task directory: /ytech_m2v8_hdd/workspace/kling_mm/tangjiafu/claw-eval/create_query/output_20260522_152922/generated/T029zh_cross_service_meeting_plus_2
[OK] wrote task directory: /ytech_m2v8_hdd/workspace/kling_mm/tangjiafu/claw-eval/create_query/output_20260522_152922/generated/T029zh_cross_service_meeting_plus_3
[OK] wrote task directory: /ytech_m2v8_hdd/workspace/kling_mm/tangjiafu/claw-eval/create_query/output_20260522_152922/generated/T029zh_cross_service_meeting_plus_4
[OK] wrote task directory: /ytech_m2v8_hdd/workspace/kling_mm/tangjiafu/claw-eval/create_query/output_20260522_152922/generated/T029zh_cross_service_meeting_plus_5
[OK] manifest saved: /ytech_m2v8_hdd/workspace/kling_mm/tangjiafu/claw-eval/create_query/output_20260522_152922/tasks/T029zh_cross_service_meeting/step2/manifest.json
[2026-05-22 07:32:14] DONE task=T029zh_cross_service_meeting
[2026-05-22 07:32:14] START task=T121zh_industry_briefing step2_module=create_query.step2_new only_index=all
[OK] step1 output saved: /ytech_m2v8_hdd/workspace/kling_mm/tangjiafu/claw-eval/create_query/output_20260522_152922/tasks/T121zh_industry_briefing/step1/output.json
[OK] wrote task directory: /ytech_m2v8_hdd/workspace/kling_mm/tangjiafu/claw-eval/create_query/output_20260522_152922/generated/T121zh_industry_briefing_plus_1
[OK] wrote task directory: /ytech_m2v8_hdd/workspace/kling_mm/tangjiafu/claw-eval/create_query/output_20260522_152922/generated/T121zh_industry_briefing_plus_2
[OK] wrote task directory: /ytech_m2v8_hdd/workspace/kling_mm/tangjiafu/claw-eval/create_query/output_20260522_152922/generated/T121zh_industry_briefing_plus_3
[OK] wrote task directory: /ytech_m2v8_hdd/workspace/kling_mm/tangjiafu/claw-eval/create_query/output_20260522_152922/generated/T121zh_industry_briefing_plus_5
[OK] manifest saved: /ytech_m2v8_hdd/workspace/kling_mm/tangjiafu/claw-eval/create_query/output_20260522_152922/tasks/T121zh_industry_briefing/step2/manifest.json
[2026-05-22 07:35:39] DONE task=T121zh_industry_briefing
[2026-05-22 07:35:39] START task=T021zh_newsletter_curation step2_module=create_query.step2_new only_index=all
[OK] step1 output saved: /ytech_m2v8_hdd/workspace/kling_mm/tangjiafu/claw-eval/create_query/output_20260522_152922/tasks/T021zh_newsletter_curation/step1/output.json
[OK] wrote task directory: /ytech_m2v8_hdd/workspace/kling_mm/tangjiafu/claw-eval/create_query/output_20260522_152922/generated/T021zh_newsletter_curation_plus_1
[OK] wrote task directory: /ytech_m2v8_hdd/workspace/kling_mm/tangjiafu/claw-eval/create_query/output_20260522_152922/generated/T021zh_newsletter_curation_plus_2
[OK] wrote task directory: /ytech_m2v8_hdd/workspace/kling_mm/tangjiafu/claw-eval/create_query/output_20260522_152922/generated/T021zh_newsletter_curation_plus_3
[OK] wrote task directory: /ytech_m2v8_hdd/workspace/kling_mm/tangjiafu/claw-eval/create_query/output_20260522_152922/generated/T021zh_newsletter_curation_plus_4
[OK] wrote task directory: /ytech_m2v8_hdd/workspace/kling_mm/tangjiafu/claw-eval/create_query/output_20260522_152922/generated/T021zh_newsletter_curation_plus_5
[OK] manifest saved: /ytech_m2v8_hdd/workspace/kling_mm/tangjiafu/claw-eval/create_query/output_20260522_152922/tasks/T021zh_newsletter_curation/step2/manifest.json
[2026-05-22 07:40:00] DONE task=T021zh_newsletter_curation
[2026-05-22 07:40:01] START task=T099_pinbench_second_brain_recall step2_module=create_query.step2_new only_index=all
[OK] step1 output saved: /ytech_m2v8_hdd/workspace/kling_mm/tangjiafu/claw-eval/create_query/output_20260522_152922/tasks/T099_pinbench_second_brain_recall/step1/output.json
[OK] wrote task directory: /ytech_m2v8_hdd/workspace/kling_mm/tangjiafu/claw-eval/create_query/output_20260522_152922/generated/T099_pinbench_second_brain_recall_plus_1
[OK] wrote task directory: /ytech_m2v8_hdd/workspace/kling_mm/tangjiafu/claw-eval/create_query/output_20260522_152922/generated/T099_pinbench_second_brain_recall_plus_2
[OK] wrote task directory: /ytech_m2v8_hdd/workspace/kling_mm/tangjiafu/claw-eval/create_query/output_20260522_152922/generated/T099_pinbench_second_brain_recall_plus_3
[OK] wrote task directory: /ytech_m2v8_hdd/workspace/kling_mm/tangjiafu/claw-eval/create_query/output_20260522_152922/generated/T099_pinbench_second_brain_recall_plus_4
[OK] wrote task directory: /ytech_m2v8_hdd/workspace/kling_mm/tangjiafu/claw-eval/create_query/output_20260522_152922/generated/T099_pinbench_second_brain_recall_plus_5
[OK] manifest saved: /ytech_m2v8_hdd/workspace/kling_mm/tangjiafu/claw-eval/create_query/output_20260522_152922/tasks/T099_pinbench_second_brain_recall/step2/manifest.json
[2026-05-22 07:41:23] DONE task=T099_pinbench_second_brain_recall
[2026-05-22 07:41:23] START task=T127zh_ticket_assignment step2_module=create_query.step2_new only_index=all
[OK] step1 output saved: /ytech_m2v8_hdd/workspace/kling_mm/tangjiafu/claw-eval/create_query/output_20260522_152922/tasks/T127zh_ticket_assignment/step1/output.json
[OK] wrote task directory: /ytech_m2v8_hdd/workspace/kling_mm/tangjiafu/claw-eval/create_query/output_20260522_152922/generated/T127zh_ticket_assignment_plus_1
[OK] wrote task directory: /ytech_m2v8_hdd/workspace/kling_mm/tangjiafu/claw-eval/create_query/output_20260522_152922/generated/T127zh_ticket_assignment_plus_2
[OK] wrote task directory: /ytech_m2v8_hdd/workspace/kling_mm/tangjiafu/claw-eval/create_query/output_20260522_152922/generated/T127zh_ticket_assignment_plus_3
[OK] wrote task directory: /ytech_m2v8_hdd/workspace/kling_mm/tangjiafu/claw-eval/create_query/output_20260522_152922/generated/T127zh_ticket_assignment_plus_4
[OK] wrote task directory: /ytech_m2v8_hdd/workspace/kling_mm/tangjiafu/claw-eval/create_query/output_20260522_152922/generated/T127zh_ticket_assignment_plus_5
[OK] manifest saved: /ytech_m2v8_hdd/workspace/kling_mm/tangjiafu/claw-eval/create_query/output_20260522_152922/tasks/T127zh_ticket_assignment/step2/manifest.json
[2026-05-22 07:43:42] DONE task=T127zh_ticket_assignment
