[2026-05-22 07:29:30] START task=T025zh_ambiguous_contact_email step2_module=create_query.step2_new only_index=all
[OK] step1 output saved: /ytech_m2v8_hdd/workspace/kling_mm/tangjiafu/claw-eval/create_query/output_20260522_152922/tasks/T025zh_ambiguous_contact_email/step1/output.json
[OK] wrote task directory: /ytech_m2v8_hdd/workspace/kling_mm/tangjiafu/claw-eval/create_query/output_20260522_152922/generated/T025zh_ambiguous_contact_email_plus_1
[OK] wrote task directory: /ytech_m2v8_hdd/workspace/kling_mm/tangjiafu/claw-eval/create_query/output_20260522_152922/generated/T025zh_ambiguous_contact_email_plus_2
[OK] wrote task directory: /ytech_m2v8_hdd/workspace/kling_mm/tangjiafu/claw-eval/create_query/output_20260522_152922/generated/T025zh_ambiguous_contact_email_plus_3
[OK] wrote task directory: /ytech_m2v8_hdd/workspace/kling_mm/tangjiafu/claw-eval/create_query/output_20260522_152922/generated/T025zh_ambiguous_contact_email_plus_4
[OK] wrote task directory: /ytech_m2v8_hdd/workspace/kling_mm/tangjiafu/claw-eval/create_query/output_20260522_152922/generated/T025zh_ambiguous_contact_email_plus_5
[OK] manifest saved: /ytech_m2v8_hdd/workspace/kling_mm/tangjiafu/claw-eval/create_query/output_20260522_152922/tasks/T025zh_ambiguous_contact_email/step2/manifest.json
[2026-05-22 07:31:09] DONE task=T025zh_ambiguous_contact_email
[2026-05-22 07:31:09] START task=T117zh_customer_followup step2_module=create_query.step2_new only_index=all
[OK] step1 output saved: /ytech_m2v8_hdd/workspace/kling_mm/tangjiafu/claw-eval/create_query/output_20260522_152922/tasks/T117zh_customer_followup/step1/output.json
[OK] wrote task directory: /ytech_m2v8_hdd/workspace/kling_mm/tangjiafu/claw-eval/create_query/output_20260522_152922/generated/T117zh_customer_followup_plus_1
[OK] wrote task directory: /ytech_m2v8_hdd/workspace/kling_mm/tangjiafu/claw-eval/create_query/output_20260522_152922/generated/T117zh_customer_followup_plus_2
[OK] wrote task directory: /ytech_m2v8_hdd/workspace/kling_mm/tangjiafu/claw-eval/create_query/output_20260522_152922/generated/T117zh_customer_followup_plus_3
[OK] wrote task directory: /ytech_m2v8_hdd/workspace/kling_mm/tangjiafu/claw-eval/create_query/output_20260522_152922/generated/T117zh_customer_followup_plus_4
[OK] wrote task directory: /ytech_m2v8_hdd/workspace/kling_mm/tangjiafu/claw-eval/create_query/output_20260522_152922/generated/T117zh_customer_followup_plus_5
[OK] manifest saved: /ytech_m2v8_hdd/workspace/kling_mm/tangjiafu/claw-eval/create_query/output_20260522_152922/tasks/T117zh_customer_followup/step2/manifest.json
[2026-05-22 07:34:12] DONE task=T117zh_customer_followup
[2026-05-22 07:34:12] START task=T019zh_inventory_check step2_module=create_query.step2_new only_index=all
[OK] step1 output saved: /ytech_m2v8_hdd/workspace/kling_mm/tangjiafu/claw-eval/create_query/output_20260522_152922/tasks/T019zh_inventory_check/step1/output.json
[OK] wrote task directory: /ytech_m2v8_hdd/workspace/kling_mm/tangjiafu/claw-eval/create_query/output_20260522_152922/generated/T019zh_inventory_check_plus_1
[OK] wrote task directory: /ytech_m2v8_hdd/workspace/kling_mm/tangjiafu/claw-eval/create_query/output_20260522_152922/generated/T019zh_inventory_check_plus_2
[OK] wrote task directory: /ytech_m2v8_hdd/workspace/kling_mm/tangjiafu/claw-eval/create_query/output_20260522_152922/generated/T019zh_inventory_check_plus_3
[OK] wrote task directory: /ytech_m2v8_hdd/workspace/kling_mm/tangjiafu/claw-eval/create_query/output_20260522_152922/generated/T019zh_inventory_check_plus_5
[OK] manifest saved: /ytech_m2v8_hdd/workspace/kling_mm/tangjiafu/claw-eval/create_query/output_20260522_152922/tasks/T019zh_inventory_check/step2/manifest.json
[2026-05-22 07:36:11] DONE task=T019zh_inventory_check
[2026-05-22 07:36:11] START task=T039zh_onboarding_coordinator step2_module=create_query.step2_new only_index=all
[OK] step1 output saved: /ytech_m2v8_hdd/workspace/kling_mm/tangjiafu/claw-eval/create_query/output_20260522_152922/tasks/T039zh_onboarding_coordinator/step1/output.json
[OK] wrote task directory: /ytech_m2v8_hdd/workspace/kling_mm/tangjiafu/claw-eval/create_query/output_20260522_152922/generated/T039zh_onboarding_coordinator_plus_1
[OK] wrote task directory: /ytech_m2v8_hdd/workspace/kling_mm/tangjiafu/claw-eval/create_query/output_20260522_152922/generated/T039zh_onboarding_coordinator_plus_2
[OK] wrote task directory: /ytech_m2v8_hdd/workspace/kling_mm/tangjiafu/claw-eval/create_query/output_20260522_152922/generated/T039zh_onboarding_coordinator_plus_3
[OK] wrote task directory: /ytech_m2v8_hdd/workspace/kling_mm/tangjiafu/claw-eval/create_query/output_20260522_152922/generated/T039zh_onboarding_coordinator_plus_4
[OK] wrote task directory: /ytech_m2v8_hdd/workspace/kling_mm/tangjiafu/claw-eval/create_query/output_20260522_152922/generated/T039zh_onboarding_coordinator_plus_5
[OK] manifest saved: /ytech_m2v8_hdd/workspace/kling_mm/tangjiafu/claw-eval/create_query/output_20260522_152922/tasks/T039zh_onboarding_coordinator/step2/manifest.json
[2026-05-22 07:39:40] DONE task=T039zh_onboarding_coordinator
[2026-05-22 07:39:40] START task=T149zh_project_progress_report step2_module=create_query.step2_new only_index=all
[OK] step1 output saved: /ytech_m2v8_hdd/workspace/kling_mm/tangjiafu/claw-eval/create_query/output_20260522_152922/tasks/T149zh_project_progress_report/step1/output.json
[OK] wrote task directory: /ytech_m2v8_hdd/workspace/kling_mm/tangjiafu/claw-eval/create_query/output_20260522_152922/generated/T149zh_project_progress_report_plus_1
[OK] wrote task directory: /ytech_m2v8_hdd/workspace/kling_mm/tangjiafu/claw-eval/create_query/output_20260522_152922/generated/T149zh_project_progress_report_plus_4
[OK] wrote task directory: /ytech_m2v8_hdd/workspace/kling_mm/tangjiafu/claw-eval/create_query/output_20260522_152922/generated/T149zh_project_progress_report_plus_5
[OK] manifest saved: /ytech_m2v8_hdd/workspace/kling_mm/tangjiafu/claw-eval/create_query/output_20260522_152922/tasks/T149zh_project_progress_report/step2/manifest.json
[2026-05-22 07:44:05] DONE task=T149zh_project_progress_report
[2026-05-22 07:44:05] START task=T115zh_ticket_kb_suggestion step2_module=create_query.step2_new only_index=all
[OK] step1 output saved: /ytech_m2v8_hdd/workspace/kling_mm/tangjiafu/claw-eval/create_query/output_20260522_152922/tasks/T115zh_ticket_kb_suggestion/step1/output.json
[OK] wrote task directory: /ytech_m2v8_hdd/workspace/kling_mm/tangjiafu/claw-eval/create_query/output_20260522_152922/generated/T115zh_ticket_kb_suggestion_plus_1
[OK] wrote task directory: /ytech_m2v8_hdd/workspace/kling_mm/tangjiafu/claw-eval/create_query/output_20260522_152922/generated/T115zh_ticket_kb_suggestion_plus_2
[OK] wrote task directory: /ytech_m2v8_hdd/workspace/kling_mm/tangjiafu/claw-eval/create_query/output_20260522_152922/generated/T115zh_ticket_kb_suggestion_plus_3
[OK] wrote task directory: /ytech_m2v8_hdd/workspace/kling_mm/tangjiafu/claw-eval/create_query/output_20260522_152922/generated/T115zh_ticket_kb_suggestion_plus_4
[OK] wrote task directory: /ytech_m2v8_hdd/workspace/kling_mm/tangjiafu/claw-eval/create_query/output_20260522_152922/generated/T115zh_ticket_kb_suggestion_plus_5
[OK] manifest saved: /ytech_m2v8_hdd/workspace/kling_mm/tangjiafu/claw-eval/create_query/output_20260522_152922/tasks/T115zh_ticket_kb_suggestion/step2/manifest.json
[2026-05-22 07:47:32] DONE task=T115zh_ticket_kb_suggestion
