[2026-05-22 07:29:30] START task=T129zh_business_trip_planning step2_module=create_query.step2_new only_index=all
[OK] step1 output saved: /ytech_m2v8_hdd/workspace/kling_mm/tangjiafu/claw-eval/create_query/output_20260522_152922/tasks/T129zh_business_trip_planning/step1/output.json
[OK] wrote task directory: /ytech_m2v8_hdd/workspace/kling_mm/tangjiafu/claw-eval/create_query/output_20260522_152922/generated/T129zh_business_trip_planning_plus_1
[OK] wrote task directory: /ytech_m2v8_hdd/workspace/kling_mm/tangjiafu/claw-eval/create_query/output_20260522_152922/generated/T129zh_business_trip_planning_plus_2
[OK] wrote task directory: /ytech_m2v8_hdd/workspace/kling_mm/tangjiafu/claw-eval/create_query/output_20260522_152922/generated/T129zh_business_trip_planning_plus_3
[OK] wrote task directory: /ytech_m2v8_hdd/workspace/kling_mm/tangjiafu/claw-eval/create_query/output_20260522_152922/generated/T129zh_business_trip_planning_plus_4
[OK] wrote task directory: /ytech_m2v8_hdd/workspace/kling_mm/tangjiafu/claw-eval/create_query/output_20260522_152922/generated/T129zh_business_trip_planning_plus_5
[OK] manifest saved: /ytech_m2v8_hdd/workspace/kling_mm/tangjiafu/claw-eval/create_query/output_20260522_152922/tasks/T129zh_business_trip_planning/step2/manifest.json
[2026-05-22 07:32:19] DONE task=T129zh_business_trip_planning
[2026-05-22 07:32:19] START task=T005zh_email_reply_draft step2_module=create_query.step2_new only_index=all
[OK] step1 output saved: /ytech_m2v8_hdd/workspace/kling_mm/tangjiafu/claw-eval/create_query/output_20260522_152922/tasks/T005zh_email_reply_draft/step1/output.json
[OK] wrote task directory: /ytech_m2v8_hdd/workspace/kling_mm/tangjiafu/claw-eval/create_query/output_20260522_152922/generated/T005zh_email_reply_draft_plus_1
[OK] wrote task directory: /ytech_m2v8_hdd/workspace/kling_mm/tangjiafu/claw-eval/create_query/output_20260522_152922/generated/T005zh_email_reply_draft_plus_2
[OK] wrote task directory: /ytech_m2v8_hdd/workspace/kling_mm/tangjiafu/claw-eval/create_query/output_20260522_152922/generated/T005zh_email_reply_draft_plus_3
[OK] wrote task directory: /ytech_m2v8_hdd/workspace/kling_mm/tangjiafu/claw-eval/create_query/output_20260522_152922/generated/T005zh_email_reply_draft_plus_4
[OK] wrote task directory: /ytech_m2v8_hdd/workspace/kling_mm/tangjiafu/claw-eval/create_query/output_20260522_152922/generated/T005zh_email_reply_draft_plus_5
[OK] manifest saved: /ytech_m2v8_hdd/workspace/kling_mm/tangjiafu/claw-eval/create_query/output_20260522_152922/tasks/T005zh_email_reply_draft/step2/manifest.json
[2026-05-22 07:34:24] DONE task=T005zh_email_reply_draft
[2026-05-22 07:34:24] START task=T015zh_kb_search step2_module=create_query.step2_new only_index=all
[OK] step1 output saved: /ytech_m2v8_hdd/workspace/kling_mm/tangjiafu/claw-eval/create_query/output_20260522_152922/tasks/T015zh_kb_search/step1/output.json
[OK] wrote task directory: /ytech_m2v8_hdd/workspace/kling_mm/tangjiafu/claw-eval/create_query/output_20260522_152922/generated/T015zh_kb_search_plus_1
[OK] wrote task directory: /ytech_m2v8_hdd/workspace/kling_mm/tangjiafu/claw-eval/create_query/output_20260522_152922/generated/T015zh_kb_search_plus_2
[OK] wrote task directory: /ytech_m2v8_hdd/workspace/kling_mm/tangjiafu/claw-eval/create_query/output_20260522_152922/generated/T015zh_kb_search_plus_3
[OK] wrote task directory: /ytech_m2v8_hdd/workspace/kling_mm/tangjiafu/claw-eval/create_query/output_20260522_152922/generated/T015zh_kb_search_plus_4
[OK] wrote task directory: /ytech_m2v8_hdd/workspace/kling_mm/tangjiafu/claw-eval/create_query/output_20260522_152922/generated/T015zh_kb_search_plus_5
[OK] manifest saved: /ytech_m2v8_hdd/workspace/kling_mm/tangjiafu/claw-eval/create_query/output_20260522_152922/tasks/T015zh_kb_search/step2/manifest.json
[2026-05-22 07:36:43] DONE task=T015zh_kb_search
[2026-05-22 07:36:43] START task=T131zh_order_profit_analysis step2_module=create_query.step2_new only_index=all
[OK] step1 output saved: /ytech_m2v8_hdd/workspace/kling_mm/tangjiafu/claw-eval/create_query/output_20260522_152922/tasks/T131zh_order_profit_analysis/step1/output.json
[OK] wrote task directory: /ytech_m2v8_hdd/workspace/kling_mm/tangjiafu/claw-eval/create_query/output_20260522_152922/generated/T131zh_order_profit_analysis_plus_2
[OK] wrote task directory: /ytech_m2v8_hdd/workspace/kling_mm/tangjiafu/claw-eval/create_query/output_20260522_152922/generated/T131zh_order_profit_analysis_plus_3
[OK] wrote task directory: /ytech_m2v8_hdd/workspace/kling_mm/tangjiafu/claw-eval/create_query/output_20260522_152922/generated/T131zh_order_profit_analysis_plus_4
[OK] wrote task directory: /ytech_m2v8_hdd/workspace/kling_mm/tangjiafu/claw-eval/create_query/output_20260522_152922/generated/T131zh_order_profit_analysis_plus_5
[OK] manifest saved: /ytech_m2v8_hdd/workspace/kling_mm/tangjiafu/claw-eval/create_query/output_20260522_152922/tasks/T131zh_order_profit_analysis/step2/manifest.json
[2026-05-22 07:39:59] DONE task=T131zh_order_profit_analysis
[2026-05-22 07:39:59] START task=T137zh_restock_chain_check step2_module=create_query.step2_new only_index=all
[OK] step1 output saved: /ytech_m2v8_hdd/workspace/kling_mm/tangjiafu/claw-eval/create_query/output_20260522_152922/tasks/T137zh_restock_chain_check/step1/output.json
[OK] wrote task directory: /ytech_m2v8_hdd/workspace/kling_mm/tangjiafu/claw-eval/create_query/output_20260522_152922/generated/T137zh_restock_chain_check_plus_1
[OK] wrote task directory: /ytech_m2v8_hdd/workspace/kling_mm/tangjiafu/claw-eval/create_query/output_20260522_152922/generated/T137zh_restock_chain_check_plus_3
[OK] wrote task directory: /ytech_m2v8_hdd/workspace/kling_mm/tangjiafu/claw-eval/create_query/output_20260522_152922/generated/T137zh_restock_chain_check_plus_4
[OK] wrote task directory: /ytech_m2v8_hdd/workspace/kling_mm/tangjiafu/claw-eval/create_query/output_20260522_152922/generated/T137zh_restock_chain_check_plus_5
[OK] manifest saved: /ytech_m2v8_hdd/workspace/kling_mm/tangjiafu/claw-eval/create_query/output_20260522_152922/tasks/T137zh_restock_chain_check/step2/manifest.json
[2026-05-22 07:44:15] DONE task=T137zh_restock_chain_check
[2026-05-22 07:44:15] START task=T123zh_todo_calendar_conflict step2_module=create_query.step2_new only_index=all
[OK] step1 output saved: /ytech_m2v8_hdd/workspace/kling_mm/tangjiafu/claw-eval/create_query/output_20260522_152922/tasks/T123zh_todo_calendar_conflict/step1/output.json
[OK] wrote task directory: /ytech_m2v8_hdd/workspace/kling_mm/tangjiafu/claw-eval/create_query/output_20260522_152922/generated/T123zh_todo_calendar_conflict_plus_1
[OK] wrote task directory: /ytech_m2v8_hdd/workspace/kling_mm/tangjiafu/claw-eval/create_query/output_20260522_152922/generated/T123zh_todo_calendar_conflict_plus_2
[OK] wrote task directory: /ytech_m2v8_hdd/workspace/kling_mm/tangjiafu/claw-eval/create_query/output_20260522_152922/generated/T123zh_todo_calendar_conflict_plus_3
[OK] wrote task directory: /ytech_m2v8_hdd/workspace/kling_mm/tangjiafu/claw-eval/create_query/output_20260522_152922/generated/T123zh_todo_calendar_conflict_plus_4
[OK] wrote task directory: /ytech_m2v8_hdd/workspace/kling_mm/tangjiafu/claw-eval/create_query/output_20260522_152922/generated/T123zh_todo_calendar_conflict_plus_5
[OK] manifest saved: /ytech_m2v8_hdd/workspace/kling_mm/tangjiafu/claw-eval/create_query/output_20260522_152922/tasks/T123zh_todo_calendar_conflict/step2/manifest.json
[2026-05-22 07:46:37] DONE task=T123zh_todo_calendar_conflict
