[2026-05-22 07:29:30] START task=T133zh_competitive_intelligence step2_module=create_query.step2_new only_index=all
[OK] step1 output saved: /ytech_m2v8_hdd/workspace/kling_mm/tangjiafu/claw-eval/create_query/output_20260522_152922/tasks/T133zh_competitive_intelligence/step1/output.json
[OK] wrote task directory: /ytech_m2v8_hdd/workspace/kling_mm/tangjiafu/claw-eval/create_query/output_20260522_152922/generated/T133zh_competitive_intelligence_plus_2
[OK] wrote task directory: /ytech_m2v8_hdd/workspace/kling_mm/tangjiafu/claw-eval/create_query/output_20260522_152922/generated/T133zh_competitive_intelligence_plus_3
[OK] wrote task directory: /ytech_m2v8_hdd/workspace/kling_mm/tangjiafu/claw-eval/create_query/output_20260522_152922/generated/T133zh_competitive_intelligence_plus_4
[OK] wrote task directory: /ytech_m2v8_hdd/workspace/kling_mm/tangjiafu/claw-eval/create_query/output_20260522_152922/generated/T133zh_competitive_intelligence_plus_5
[OK] manifest saved: /ytech_m2v8_hdd/workspace/kling_mm/tangjiafu/claw-eval/create_query/output_20260522_152922/tasks/T133zh_competitive_intelligence/step2/manifest.json
[2026-05-22 07:34:11] DONE task=T133zh_competitive_intelligence
[2026-05-22 07:34:11] START task=T031zh_escalation_budget_triage step2_module=create_query.step2_new only_index=all
[OK] step1 output saved: /ytech_m2v8_hdd/workspace/kling_mm/tangjiafu/claw-eval/create_query/output_20260522_152922/tasks/T031zh_escalation_budget_triage/step1/output.json
[OK] wrote task directory: /ytech_m2v8_hdd/workspace/kling_mm/tangjiafu/claw-eval/create_query/output_20260522_152922/generated/T031zh_escalation_budget_triage_plus_1
[OK] wrote task directory: /ytech_m2v8_hdd/workspace/kling_mm/tangjiafu/claw-eval/create_query/output_20260522_152922/generated/T031zh_escalation_budget_triage_plus_2
[OK] wrote task directory: /ytech_m2v8_hdd/workspace/kling_mm/tangjiafu/claw-eval/create_query/output_20260522_152922/generated/T031zh_escalation_budget_triage_plus_3
[OK] wrote task directory: /ytech_m2v8_hdd/workspace/kling_mm/tangjiafu/claw-eval/create_query/output_20260522_152922/generated/T031zh_escalation_budget_triage_plus_4
[OK] wrote task directory: /ytech_m2v8_hdd/workspace/kling_mm/tangjiafu/claw-eval/create_query/output_20260522_152922/generated/T031zh_escalation_budget_triage_plus_5
[OK] manifest saved: /ytech_m2v8_hdd/workspace/kling_mm/tangjiafu/claw-eval/create_query/output_20260522_152922/tasks/T031zh_escalation_budget_triage/step2/manifest.json
[2026-05-22 07:39:32] DONE task=T031zh_escalation_budget_triage
[2026-05-22 07:39:32] START task=T125zh_meeting_action_items step2_module=create_query.step2_new only_index=all
[OK] step1 output saved: /ytech_m2v8_hdd/workspace/kling_mm/tangjiafu/claw-eval/create_query/output_20260522_152922/tasks/T125zh_meeting_action_items/step1/output.json
[OK] wrote task directory: /ytech_m2v8_hdd/workspace/kling_mm/tangjiafu/claw-eval/create_query/output_20260522_152922/generated/T125zh_meeting_action_items_plus_1
[OK] wrote task directory: /ytech_m2v8_hdd/workspace/kling_mm/tangjiafu/claw-eval/create_query/output_20260522_152922/generated/T125zh_meeting_action_items_plus_2
[OK] wrote task directory: /ytech_m2v8_hdd/workspace/kling_mm/tangjiafu/claw-eval/create_query/output_20260522_152922/generated/T125zh_meeting_action_items_plus_3
[OK] wrote task directory: /ytech_m2v8_hdd/workspace/kling_mm/tangjiafu/claw-eval/create_query/output_20260522_152922/generated/T125zh_meeting_action_items_plus_4
[OK] wrote task directory: /ytech_m2v8_hdd/workspace/kling_mm/tangjiafu/claw-eval/create_query/output_20260522_152922/generated/T125zh_meeting_action_items_plus_5
[OK] manifest saved: /ytech_m2v8_hdd/workspace/kling_mm/tangjiafu/claw-eval/create_query/output_20260522_152922/tasks/T125zh_meeting_action_items/step2/manifest.json
[2026-05-22 07:41:52] DONE task=T125zh_meeting_action_items
[2026-05-22 07:41:52] START task=T086_pinbench_calendar_event_creation step2_module=create_query.step2_new only_index=all
T086_pinbench_calendar_event_creation step1
[2026-05-22 07:42:17] START task=T141zh_sla_compliance_audit step2_module=create_query.step2_new only_index=all
[OK] step1 output saved: /ytech_m2v8_hdd/workspace/kling_mm/tangjiafu/claw-eval/create_query/output_20260522_152922/tasks/T141zh_sla_compliance_audit/step1/output.json
[OK] wrote task directory: /ytech_m2v8_hdd/workspace/kling_mm/tangjiafu/claw-eval/create_query/output_20260522_152922/generated/T141zh_sla_compliance_audit_plus_2
[OK] wrote task directory: /ytech_m2v8_hdd/workspace/kling_mm/tangjiafu/claw-eval/create_query/output_20260522_152922/generated/T141zh_sla_compliance_audit_plus_3
[OK] wrote task directory: /ytech_m2v8_hdd/workspace/kling_mm/tangjiafu/claw-eval/create_query/output_20260522_152922/generated/T141zh_sla_compliance_audit_plus_4
[OK] wrote task directory: /ytech_m2v8_hdd/workspace/kling_mm/tangjiafu/claw-eval/create_query/output_20260522_152922/generated/T141zh_sla_compliance_audit_plus_5
[OK] manifest saved: /ytech_m2v8_hdd/workspace/kling_mm/tangjiafu/claw-eval/create_query/output_20260522_152922/tasks/T141zh_sla_compliance_audit/step2/manifest.json
[2026-05-22 07:45:54] DONE task=T141zh_sla_compliance_audit
[2026-05-22 07:45:54] START task=T035zh_vendor_procurement step2_module=create_query.step2_new only_index=all
[OK] step1 output saved: /ytech_m2v8_hdd/workspace/kling_mm/tangjiafu/claw-eval/create_query/output_20260522_152922/tasks/T035zh_vendor_procurement/step1/output.json
[OK] wrote task directory: /ytech_m2v8_hdd/workspace/kling_mm/tangjiafu/claw-eval/create_query/output_20260522_152922/generated/T035zh_vendor_procurement_plus_1
[OK] wrote task directory: /ytech_m2v8_hdd/workspace/kling_mm/tangjiafu/claw-eval/create_query/output_20260522_152922/generated/T035zh_vendor_procurement_plus_2
[OK] wrote task directory: /ytech_m2v8_hdd/workspace/kling_mm/tangjiafu/claw-eval/create_query/output_20260522_152922/generated/T035zh_vendor_procurement_plus_3
[OK] wrote task directory: /ytech_m2v8_hdd/workspace/kling_mm/tangjiafu/claw-eval/create_query/output_20260522_152922/generated/T035zh_vendor_procurement_plus_4
[OK] wrote task directory: /ytech_m2v8_hdd/workspace/kling_mm/tangjiafu/claw-eval/create_query/output_20260522_152922/generated/T035zh_vendor_procurement_plus_5
[OK] manifest saved: /ytech_m2v8_hdd/workspace/kling_mm/tangjiafu/claw-eval/create_query/output_20260522_152922/tasks/T035zh_vendor_procurement/step2/manifest.json
[2026-05-22 07:50:25] DONE task=T035zh_vendor_procurement
