[2026-05-22 07:29:30] START task=T161zh_automation_failure_recovery step2_module=create_query.step2_new only_index=all
[OK] step1 output saved: /ytech_m2v8_hdd/workspace/kling_mm/tangjiafu/claw-eval/create_query/output_20260522_152922/tasks/T161zh_automation_failure_recovery/step1/output.json
[OK] wrote task directory: /ytech_m2v8_hdd/workspace/kling_mm/tangjiafu/claw-eval/create_query/output_20260522_152922/generated/T161zh_automation_failure_recovery_plus_1
[OK] wrote task directory: /ytech_m2v8_hdd/workspace/kling_mm/tangjiafu/claw-eval/create_query/output_20260522_152922/generated/T161zh_automation_failure_recovery_plus_2
[OK] wrote task directory: /ytech_m2v8_hdd/workspace/kling_mm/tangjiafu/claw-eval/create_query/output_20260522_152922/generated/T161zh_automation_failure_recovery_plus_3
[OK] wrote task directory: /ytech_m2v8_hdd/workspace/kling_mm/tangjiafu/claw-eval/create_query/output_20260522_152922/generated/T161zh_automation_failure_recovery_plus_4
[OK] wrote task directory: /ytech_m2v8_hdd/workspace/kling_mm/tangjiafu/claw-eval/create_query/output_20260522_152922/generated/T161zh_automation_failure_recovery_plus_5
[OK] manifest saved: /ytech_m2v8_hdd/workspace/kling_mm/tangjiafu/claw-eval/create_query/output_20260522_152922/tasks/T161zh_automation_failure_recovery/step2/manifest.json
[2026-05-22 07:34:47] DONE task=T161zh_automation_failure_recovery
[2026-05-22 07:34:47] START task=T075_email_phishing_injection step2_module=create_query.step2_new only_index=all
[OK] step1 output saved: /ytech_m2v8_hdd/workspace/kling_mm/tangjiafu/claw-eval/create_query/output_20260522_152922/tasks/T075_email_phishing_injection/step1/output.json
[OK] wrote task directory: /ytech_m2v8_hdd/workspace/kling_mm/tangjiafu/claw-eval/create_query/output_20260522_152922/generated/T075_email_phishing_injection_plus_1
[OK] wrote task directory: /ytech_m2v8_hdd/workspace/kling_mm/tangjiafu/claw-eval/create_query/output_20260522_152922/generated/T075_email_phishing_injection_plus_2
[OK] wrote task directory: /ytech_m2v8_hdd/workspace/kling_mm/tangjiafu/claw-eval/create_query/output_20260522_152922/generated/T075_email_phishing_injection_plus_3
[OK] wrote task directory: /ytech_m2v8_hdd/workspace/kling_mm/tangjiafu/claw-eval/create_query/output_20260522_152922/generated/T075_email_phishing_injection_plus_4
[OK] wrote task directory: /ytech_m2v8_hdd/workspace/kling_mm/tangjiafu/claw-eval/create_query/output_20260522_152922/generated/T075_email_phishing_injection_plus_5
[OK] manifest saved: /ytech_m2v8_hdd/workspace/kling_mm/tangjiafu/claw-eval/create_query/output_20260522_152922/tasks/T075_email_phishing_injection/step2/manifest.json
[2026-05-22 07:36:46] DONE task=T075_email_phishing_injection
[2026-05-22 07:36:46] START task=T105zh_job_failure_triage step2_module=create_query.step2_new only_index=all
[OK] step1 output saved: /ytech_m2v8_hdd/workspace/kling_mm/tangjiafu/claw-eval/create_query/output_20260522_152922/tasks/T105zh_job_failure_triage/step1/output.json
[OK] wrote task directory: /ytech_m2v8_hdd/workspace/kling_mm/tangjiafu/claw-eval/create_query/output_20260522_152922/generated/T105zh_job_failure_triage_plus_1
[OK] wrote task directory: /ytech_m2v8_hdd/workspace/kling_mm/tangjiafu/claw-eval/create_query/output_20260522_152922/generated/T105zh_job_failure_triage_plus_2
[OK] wrote task directory: /ytech_m2v8_hdd/workspace/kling_mm/tangjiafu/claw-eval/create_query/output_20260522_152922/generated/T105zh_job_failure_triage_plus_3
[OK] wrote task directory: /ytech_m2v8_hdd/workspace/kling_mm/tangjiafu/claw-eval/create_query/output_20260522_152922/generated/T105zh_job_failure_triage_plus_4
[OK] wrote task directory: /ytech_m2v8_hdd/workspace/kling_mm/tangjiafu/claw-eval/create_query/output_20260522_152922/generated/T105zh_job_failure_triage_plus_5
[OK] manifest saved: /ytech_m2v8_hdd/workspace/kling_mm/tangjiafu/claw-eval/create_query/output_20260522_152922/tasks/T105zh_job_failure_triage/step2/manifest.json
[2026-05-22 07:40:32] DONE task=T105zh_job_failure_triage
[2026-05-22 07:40:32] START task=T033zh_ops_review_dashboard step2_module=create_query.step2_new only_index=all
[OK] step1 output saved: /ytech_m2v8_hdd/workspace/kling_mm/tangjiafu/claw-eval/create_query/output_20260522_152922/tasks/T033zh_ops_review_dashboard/step1/output.json
[OK] wrote task directory: /ytech_m2v8_hdd/workspace/kling_mm/tangjiafu/claw-eval/create_query/output_20260522_152922/generated/T033zh_ops_review_dashboard_plus_1
[OK] wrote task directory: /ytech_m2v8_hdd/workspace/kling_mm/tangjiafu/claw-eval/create_query/output_20260522_152922/generated/T033zh_ops_review_dashboard_plus_2
[OK] wrote task directory: /ytech_m2v8_hdd/workspace/kling_mm/tangjiafu/claw-eval/create_query/output_20260522_152922/generated/T033zh_ops_review_dashboard_plus_3
[OK] wrote task directory: /ytech_m2v8_hdd/workspace/kling_mm/tangjiafu/claw-eval/create_query/output_20260522_152922/generated/T033zh_ops_review_dashboard_plus_5
[OK] manifest saved: /ytech_m2v8_hdd/workspace/kling_mm/tangjiafu/claw-eval/create_query/output_20260522_152922/tasks/T033zh_ops_review_dashboard/step2/manifest.json
[2026-05-22 07:46:54] DONE task=T033zh_ops_review_dashboard
[2026-05-22 07:46:54] START task=T163zh_quarterly_customer_review step2_module=create_query.step2_new only_index=all
[OK] step1 output saved: /ytech_m2v8_hdd/workspace/kling_mm/tangjiafu/claw-eval/create_query/output_20260522_152922/tasks/T163zh_quarterly_customer_review/step1/output.json
[OK] wrote task directory: /ytech_m2v8_hdd/workspace/kling_mm/tangjiafu/claw-eval/create_query/output_20260522_152922/generated/T163zh_quarterly_customer_review_plus_1
[OK] wrote task directory: /ytech_m2v8_hdd/workspace/kling_mm/tangjiafu/claw-eval/create_query/output_20260522_152922/generated/T163zh_quarterly_customer_review_plus_2
[OK] wrote task directory: /ytech_m2v8_hdd/workspace/kling_mm/tangjiafu/claw-eval/create_query/output_20260522_152922/generated/T163zh_quarterly_customer_review_plus_3
[OK] wrote task directory: /ytech_m2v8_hdd/workspace/kling_mm/tangjiafu/claw-eval/create_query/output_20260522_152922/generated/T163zh_quarterly_customer_review_plus_4
[OK] wrote task directory: /ytech_m2v8_hdd/workspace/kling_mm/tangjiafu/claw-eval/create_query/output_20260522_152922/generated/T163zh_quarterly_customer_review_plus_5
[OK] manifest saved: /ytech_m2v8_hdd/workspace/kling_mm/tangjiafu/claw-eval/create_query/output_20260522_152922/tasks/T163zh_quarterly_customer_review/step2/manifest.json
[2026-05-22 07:52:39] DONE task=T163zh_quarterly_customer_review
[2026-05-22 07:52:39] START task=T017zh_ticket_triage step2_module=create_query.step2_new only_index=all
[OK] step1 output saved: /ytech_m2v8_hdd/workspace/kling_mm/tangjiafu/claw-eval/create_query/output_20260522_152922/tasks/T017zh_ticket_triage/step1/output.json
[OK] wrote task directory: /ytech_m2v8_hdd/workspace/kling_mm/tangjiafu/claw-eval/create_query/output_20260522_152922/generated/T017zh_ticket_triage_plus_1
[OK] wrote task directory: /ytech_m2v8_hdd/workspace/kling_mm/tangjiafu/claw-eval/create_query/output_20260522_152922/generated/T017zh_ticket_triage_plus_2
[OK] wrote task directory: /ytech_m2v8_hdd/workspace/kling_mm/tangjiafu/claw-eval/create_query/output_20260522_152922/generated/T017zh_ticket_triage_plus_3
[OK] wrote task directory: /ytech_m2v8_hdd/workspace/kling_mm/tangjiafu/claw-eval/create_query/output_20260522_152922/generated/T017zh_ticket_triage_plus_4
[OK] wrote task directory: /ytech_m2v8_hdd/workspace/kling_mm/tangjiafu/claw-eval/create_query/output_20260522_152922/generated/T017zh_ticket_triage_plus_5
[OK] manifest saved: /ytech_m2v8_hdd/workspace/kling_mm/tangjiafu/claw-eval/create_query/output_20260522_152922/tasks/T017zh_ticket_triage/step2/manifest.json
[2026-05-22 07:54:56] DONE task=T017zh_ticket_triage
